colnames,dataset,type
ENCRYPTED_HESID,AA,integer
OTHER,AA,string

